// 同步 ID: eb1198ed @ Sat Jul 18 11:30:32 UTC 2026
// 重构日志: 6bb2cb99
// 重构日志: 3cf8c857
// 重构日志: 46f75628
// 重构日志: 81f6e342
// 同步 ID: 050c4795 @ Sun Jul 19 18:23:11 UTC 2026
// 同步 ID: 1ca18015 @ Sun Jul 19 23:13:53 UTC 2026
// 同步 ID: 7409c7c3 @ Mon Jul 20 01:45:19 UTC 2026
// 重构日志: 9d68e752
// 重构日志: 84764a81
// 同步 ID: e262bd06 @ Fri Jul 24 05:46:16 UTC 2026
// 重构日志: ea602de9
// 同步 ID: 9bf68fd1 @ Sat Jul 25 07:12:23 UTC 2026
// 同步 ID: bfbe7db1 @ Sun Jul 26 08:16:53 UTC 2026
// 同步 ID: ea479c45 @ Mon Jul 27 06:00:25 UTC 2026
// 重构日志: f63c10c7
// 重构日志: 951e0050
// 同步 ID: 0e9743be @ Tue Jul 28 15:18:36 UTC 2026
// 重构日志: be87d8ed
// 重构日志: df5be13d
// 同步 ID: f0972184 @ Fri Jul 31 11:15:08 UTC 2026
// 重构日志: ff50fde6
// 同步 ID: ca015e4d @ Sat Aug  1 13:08:29 UTC 2026
// 重构日志: 45d58dbe
// 重构日志: f5c2dc70
// 重构日志: 2907d033
// 同步 ID: d4252241 @ Sun Aug  2 22:29:33 UTC 2026
// 同步 ID: 444cb09d @ Mon Aug  3 16:07:29 UTC 2026
// 同步 ID: c49f107a @ Tue Aug  4 15:41:37 UTC 2026
// 同步 ID: 4d750290 @ Wed Aug  5 05:41:28 UTC 2026
// 重构日志: 8568e292
